#
# There is insufficient memory for the Java Runtime Environment to continue.
# Native memory allocation (malloc) failed to allocate 1183296 bytes. Error detail: Chunk::new
# Possible reasons:
#   The system is out of physical RAM or swap space
#   This process is running with CompressedOops enabled, and the Java Heap may be blocking the growth of the native heap
# Possible solutions:
#   Reduce memory load on the system
#   Increase physical memory or swap space
#   Check if swap backing store is full
#   Decrease Java heap size (-Xmx/-Xms)
#   Decrease number of Java threads
#   Decrease Java thread stack sizes (-Xss)
#   Set larger code cache with -XX:ReservedCodeCacheSize=
#   JVM is running with Zero Based Compressed Oops mode in which the Java heap is
#     placed in the first 32GB address space. The Java Heap base address is the
#     maximum limit for the native heap growth. Please use -XX:HeapBaseMinAddress
#     to set the Java Heap base and to place the Java Heap above 32GB virtual address.
# This output file may be truncated or incomplete.
#
#  Out of Memory Error (arena.cpp:149), pid=1736, tid=5640
#
# JRE version: OpenJDK Runtime Environment (23.0.2+7) (build 23.0.2+7-58)
# Java VM: OpenJDK 64-Bit Server VM (23.0.2+7-58, mixed mode, sharing, tiered, compressed oops, compressed class ptrs, g1 gc, windows-amd64)
# No core dump will be written. Minidumps are not enabled by default on client versions of Windows
#

---------------  S U M M A R Y ------------

Command Line: -javaagent:C:\Program Files\JetBrains\IntelliJ IDEA Community Edition 2024.3.2\lib\idea_rt.jar=57964:C:\Program Files\JetBrains\IntelliJ IDEA Community Edition 2024.3.2\bin -Dfile.encoding=UTF-8 -Dsun.stdout.encoding=UTF-8 -Dsun.stderr.encoding=UTF-8 AppointmentScheduling.Schedular_App.SchedularAppApplication

Host: Intel(R) Core(TM) i5-1035G1 CPU @ 1.00GHz, 8 cores, 11G,  Windows 11 , 64 bit Build 26100 (10.0.26100.3037)
Time: Fri Mar  7 20:26:17 2025 Central Standard Time elapsed time: 5.217899 seconds (0d 0h 0m 5s)

---------------  T H R E A D  ---------------

Current thread (0x0000023f451a0480):  JavaThread "C2 CompilerThread1" daemon [_thread_in_native, id=5640, stack(0x000000beceb00000,0x000000becec00000) (1024K)]


Current CompileTask:
C2:5218 2294       4       java.lang.invoke.MethodType::makeImpl (109 bytes)

Stack: [0x000000beceb00000,0x000000becec00000]
Native frames: (J=compiled Java code, j=interpreted, Vv=VM code, C=native code)
V  [jvm.dll+0x6e0b99]  (no source info available)
V  [jvm.dll+0x87e2b3]  (no source info available)
V  [jvm.dll+0x88073e]  (no source info available)
V  [jvm.dll+0x880e13]  (no source info available)
V  [jvm.dll+0x27b006]  (no source info available)
V  [jvm.dll+0xbc06f]  (no source info available)
V  [jvm.dll+0xbc2cb]  (no source info available)
V  [jvm.dll+0x2eea6d]  (no source info available)
V  [jvm.dll+0x606669]  (no source info available)
V  [jvm.dll+0x24def2]  (no source info available)
V  [jvm.dll+0x24e2d5]  (no source info available)
V  [jvm.dll+0x246c54]  (no source info available)
V  [jvm.dll+0x243e04]  (no source info available)
V  [jvm.dll+0x1c34b0]  (no source info available)
V  [jvm.dll+0x253df1]  (no source info available)
V  [jvm.dll+0x2520aa]  (no source info available)
V  [jvm.dll+0x3ee226]  (no source info available)
V  [jvm.dll+0x8254cb]  (no source info available)
V  [jvm.dll+0x6df345]  (no source info available)
C  [ucrtbase.dll+0x37b0]  (no source info available)
C  [KERNEL32.DLL+0x2e8d7]  (no source info available)
C  [ntdll.dll+0xbbf2c]  (no source info available)

Lock stack of current Java thread (top to bottom):


---------------  P R O C E S S  ---------------

Threads class SMR info:
_java_thread_list=0x0000023f46552c10, length=15, elements={
0x0000023f5a91f7b0, 0x0000023f7abbddd0, 0x0000023f7abc1a60, 0x0000023f7abc5610,
0x0000023f7abcaf10, 0x0000023f7abc97b0, 0x0000023f7abcc990, 0x0000023f7abd79f0,
0x0000023f7abded50, 0x0000023f450ab660, 0x0000023f451a0480, 0x0000023f45511440,
0x0000023f45511ab0, 0x0000023f46039df0, 0x0000023f462ca2f0
}

Java Threads: ( => current thread )
  0x0000023f5a91f7b0 JavaThread "main"                              [_thread_in_Java, id=1900, stack(0x000000becda00000,0x000000becdb00000) (1024K)]
  0x0000023f7abbddd0 JavaThread "Reference Handler"          daemon [_thread_blocked, id=22496, stack(0x000000bece200000,0x000000bece300000) (1024K)]
  0x0000023f7abc1a60 JavaThread "Finalizer"                  daemon [_thread_blocked, id=23340, stack(0x000000bece300000,0x000000bece400000) (1024K)]
  0x0000023f7abc5610 JavaThread "Signal Dispatcher"          daemon [_thread_blocked, id=428, stack(0x000000bece400000,0x000000bece500000) (1024K)]
  0x0000023f7abcaf10 JavaThread "Attach Listener"            daemon [_thread_blocked, id=13908, stack(0x000000bece500000,0x000000bece600000) (1024K)]
  0x0000023f7abc97b0 JavaThread "Service Thread"             daemon [_thread_blocked, id=21328, stack(0x000000bece600000,0x000000bece700000) (1024K)]
  0x0000023f7abcc990 JavaThread "Monitor Deflation Thread"   daemon [_thread_blocked, id=12436, stack(0x000000bece700000,0x000000bece800000) (1024K)]
  0x0000023f7abd79f0 JavaThread "C2 CompilerThread0"         daemon [_thread_in_native, id=22732, stack(0x000000bece800000,0x000000bece900000) (1024K)]
  0x0000023f7abded50 JavaThread "C1 CompilerThread0"         daemon [_thread_in_native, id=22540, stack(0x000000bece900000,0x000000becea00000) (1024K)]
  0x0000023f450ab660 JavaThread "Common-Cleaner"             daemon [_thread_blocked, id=4616, stack(0x000000becea00000,0x000000beceb00000) (1024K)]
=>0x0000023f451a0480 JavaThread "C2 CompilerThread1"         daemon [_thread_in_native, id=5640, stack(0x000000beceb00000,0x000000becec00000) (1024K)]
  0x0000023f45511440 JavaThread "Monitor Ctrl-Break"         daemon [_thread_in_native, id=2772, stack(0x000000becec00000,0x000000beced00000) (1024K)]
  0x0000023f45511ab0 JavaThread "Notification Thread"        daemon [_thread_blocked, id=17716, stack(0x000000beced00000,0x000000becee00000) (1024K)]
  0x0000023f46039df0 JavaThread "background-preinit"                [_thread_in_Java, id=21196, stack(0x000000becf400000,0x000000becf500000) (1024K)]
  0x0000023f462ca2f0 JavaThread "C2 CompilerThread2"         daemon [_thread_in_native, id=7784, stack(0x000000becf600000,0x000000becf700000) (1024K)]
Total: 15

Other Threads:
  0x0000023f7aba9980 VMThread "VM Thread"                           [id=20712, stack(0x000000bece100000,0x000000bece200000) (1024K)]
  0x0000023f7ab94dd0 WatcherThread "VM Periodic Task Thread"        [id=768, stack(0x000000bece000000,0x000000bece100000) (1024K)]
  0x0000023f5cb9c000 WorkerThread "GC Thread#0"                     [id=7860, stack(0x000000becdb00000,0x000000becdc00000) (1024K)]
  0x0000023f45d234e0 WorkerThread "GC Thread#1"                     [id=24320, stack(0x000000becee00000,0x000000becef00000) (1024K)]
  0x0000023f45d23890 WorkerThread "GC Thread#2"                     [id=13776, stack(0x000000becef00000,0x000000becf000000) (1024K)]
  0x0000023f45d23c40 WorkerThread "GC Thread#3"                     [id=6056, stack(0x000000becf000000,0x000000becf100000) (1024K)]
  0x0000023f45d6b370 WorkerThread "GC Thread#4"                     [id=15404, stack(0x000000becf100000,0x000000becf200000) (1024K)]
  0x0000023f45d6b720 WorkerThread "GC Thread#5"                     [id=7464, stack(0x000000becf200000,0x000000becf300000) (1024K)]
  0x0000023f45d7f040 WorkerThread "GC Thread#6"                     [id=15580, stack(0x000000becf300000,0x000000becf400000) (1024K)]
  0x0000023f45dac190 WorkerThread "GC Thread#7"                     [id=3788, stack(0x000000becf500000,0x000000becf600000) (1024K)]
  0x0000023f5cbacad0 ConcurrentGCThread "G1 Main Marker"            [id=6272, stack(0x000000becdc00000,0x000000becdd00000) (1024K)]
  0x0000023f5cbadbf0 WorkerThread "G1 Conc#0"                       [id=21980, stack(0x000000becdd00000,0x000000becde00000) (1024K)]
  0x0000023f5cbfeb60 ConcurrentGCThread "G1 Refine#0"               [id=22128, stack(0x000000becde00000,0x000000becdf00000) (1024K)]
  0x0000023f7aa686f0 ConcurrentGCThread "G1 Service"                [id=24236, stack(0x000000becdf00000,0x000000bece000000) (1024K)]
Total: 14

Threads with active compile tasks:
C2 CompilerThread0  10515 2447       4       org.springframework.asm.ClassReader::readUtf (161 bytes)
C1 CompilerThread0  10515 2609       3       sun.util.locale.InternalLocaleBuilder::setExtensions (202 bytes)
C2 CompilerThread1  10515 2294       4       java.lang.invoke.MethodType::makeImpl (109 bytes)
C2 CompilerThread2  10515 2475       4       jdk.internal.jimage.ImageLocation::verify (218 bytes)
Total: 4

VM state: not at safepoint (normal execution)

VM Mutex/Monitor currently owned by a thread: None

Heap address: 0x0000000743a00000, size: 3014 MB, Compressed Oops mode: Zero based, Oop shift amount: 3

CDS archive(s) mapped at: [0x0000023f00000000-0x0000023f00d70000-0x0000023f00d70000), size 14090240, SharedBaseAddress: 0x0000023f00000000, ArchiveRelocationMode: 1.
Compressed class space mapped at: 0x0000023f01000000-0x0000023f41000000, reserved size: 1073741824
Narrow klass base: 0x0000023f00000000, Narrow klass shift: 0, Narrow klass range: 0x41000000

GC Precious Log:
 CardTable entry size: 512
 Card Set container configuration: InlinePtr #cards 4 size 8 Array Of Cards #cards 16 size 48 Howl #buckets 8 coarsen threshold 3686 Howl Bitmap #cards 512 size 80 coarsen threshold 460 Card regions per heap region 1 cards per card region 4096
 CPUs: 8 total, 8 available
 Memory: 12054M
 Large Page Support: Disabled
 NUMA Support: Disabled
 Compressed Oops: Enabled (Zero based)
 Heap Region Size: 2M
 Heap Min Capacity: 8M
 Heap Initial Capacity: 190M
 Heap Max Capacity: 3014M
 Pre-touch: Disabled
 Parallel Workers: 8
 Concurrent Workers: 2
 Concurrent Refinement Workers: 8
 Periodic GC: Disabled

Heap:
 garbage-first heap   total reserved 3086336K, committed 194560K, used 32452K [0x0000000743a00000, 0x0000000800000000)
  region size 2048K, 13 young (26624K), 1 survivors (2048K)
 Metaspace       used 17908K, committed 18176K, reserved 1114112K
  class space    used 2310K, committed 2432K, reserved 1048576K

Heap Regions: E=young(eden), S=young(survivor), O=old, HS=humongous(starts), HC=humongous(continues), CS=collection set, F=free, TAMS=top-at-mark-start, PB=parsable bottom
|   0|0x0000000743a00000, 0x0000000743c00000, 0x0000000743c00000|100%| O|  |TAMS 0x0000000743a00000| PB 0x0000000743a00000| Untracked |  0
|   1|0x0000000743c00000, 0x0000000743e00000, 0x0000000743e00000|100%| O|  |TAMS 0x0000000743c00000| PB 0x0000000743c00000| Untracked |  0
|   2|0x0000000743e00000, 0x0000000744000000, 0x0000000744000000|100%| O|  |TAMS 0x0000000743e00000| PB 0x0000000743e00000| Untracked |  0
|   3|0x0000000744000000, 0x0000000744200000, 0x0000000744200000|100%| O|  |TAMS 0x0000000744000000| PB 0x0000000744000000| Untracked |  0
|   4|0x0000000744200000, 0x000000074421dee0, 0x0000000744400000|  5%| O|  |TAMS 0x0000000744200000| PB 0x0000000744200000| Untracked |  0
|   5|0x0000000744400000, 0x0000000744400000, 0x0000000744600000|  0%| F|  |TAMS 0x0000000744400000| PB 0x0000000744400000| Untracked |  0
|   6|0x0000000744600000, 0x0000000744600000, 0x0000000744800000|  0%| F|  |TAMS 0x0000000744600000| PB 0x0000000744600000| Untracked |  0
|   7|0x0000000744800000, 0x0000000744800000, 0x0000000744a00000|  0%| F|  |TAMS 0x0000000744800000| PB 0x0000000744800000| Untracked |  0
|   8|0x0000000744a00000, 0x0000000744a00000, 0x0000000744c00000|  0%| F|  |TAMS 0x0000000744a00000| PB 0x0000000744a00000| Untracked |  0
|   9|0x0000000744c00000, 0x0000000744c00000, 0x0000000744e00000|  0%| F|  |TAMS 0x0000000744c00000| PB 0x0000000744c00000| Untracked |  0
|  10|0x0000000744e00000, 0x0000000744e00000, 0x0000000745000000|  0%| F|  |TAMS 0x0000000744e00000| PB 0x0000000744e00000| Untracked |  0
|  11|0x0000000745000000, 0x0000000745000000, 0x0000000745200000|  0%| F|  |TAMS 0x0000000745000000| PB 0x0000000745000000| Untracked |  0
|  12|0x0000000745200000, 0x0000000745200000, 0x0000000745400000|  0%| F|  |TAMS 0x0000000745200000| PB 0x0000000745200000| Untracked |  0
|  13|0x0000000745400000, 0x0000000745400000, 0x0000000745600000|  0%| F|  |TAMS 0x0000000745400000| PB 0x0000000745400000| Untracked |  0
|  14|0x0000000745600000, 0x0000000745600000, 0x0000000745800000|  0%| F|  |TAMS 0x0000000745600000| PB 0x0000000745600000| Untracked |  0
|  15|0x0000000745800000, 0x0000000745800000, 0x0000000745a00000|  0%| F|  |TAMS 0x0000000745800000| PB 0x0000000745800000| Untracked |  0
|  16|0x0000000745a00000, 0x0000000745a00000, 0x0000000745c00000|  0%| F|  |TAMS 0x0000000745a00000| PB 0x0000000745a00000| Untracked |  0
|  17|0x0000000745c00000, 0x0000000745c00000, 0x0000000745e00000|  0%| F|  |TAMS 0x0000000745c00000| PB 0x0000000745c00000| Untracked |  0
|  18|0x0000000745e00000, 0x0000000745e00000, 0x0000000746000000|  0%| F|  |TAMS 0x0000000745e00000| PB 0x0000000745e00000| Untracked |  0
|  19|0x0000000746000000, 0x0000000746000000, 0x0000000746200000|  0%| F|  |TAMS 0x0000000746000000| PB 0x0000000746000000| Untracked |  0
|  20|0x0000000746200000, 0x0000000746200000, 0x0000000746400000|  0%| F|  |TAMS 0x0000000746200000| PB 0x0000000746200000| Untracked |  0
|  21|0x0000000746400000, 0x0000000746400000, 0x0000000746600000|  0%| F|  |TAMS 0x0000000746400000| PB 0x0000000746400000| Untracked |  0
|  22|0x0000000746600000, 0x0000000746600000, 0x0000000746800000|  0%| F|  |TAMS 0x0000000746600000| PB 0x0000000746600000| Untracked |  0
|  23|0x0000000746800000, 0x0000000746800000, 0x0000000746a00000|  0%| F|  |TAMS 0x0000000746800000| PB 0x0000000746800000| Untracked |  0
|  24|0x0000000746a00000, 0x0000000746a00000, 0x0000000746c00000|  0%| F|  |TAMS 0x0000000746a00000| PB 0x0000000746a00000| Untracked |  0
|  25|0x0000000746c00000, 0x0000000746c00000, 0x0000000746e00000|  0%| F|  |TAMS 0x0000000746c00000| PB 0x0000000746c00000| Untracked |  0
|  26|0x0000000746e00000, 0x0000000746e00000, 0x0000000747000000|  0%| F|  |TAMS 0x0000000746e00000| PB 0x0000000746e00000| Untracked |  0
|  27|0x0000000747000000, 0x0000000747000000, 0x0000000747200000|  0%| F|  |TAMS 0x0000000747000000| PB 0x0000000747000000| Untracked |  0
|  28|0x0000000747200000, 0x0000000747200000, 0x0000000747400000|  0%| F|  |TAMS 0x0000000747200000| PB 0x0000000747200000| Untracked |  0
|  29|0x0000000747400000, 0x0000000747400000, 0x0000000747600000|  0%| F|  |TAMS 0x0000000747400000| PB 0x0000000747400000| Untracked |  0
|  30|0x0000000747600000, 0x0000000747600000, 0x0000000747800000|  0%| F|  |TAMS 0x0000000747600000| PB 0x0000000747600000| Untracked |  0
|  31|0x0000000747800000, 0x0000000747800000, 0x0000000747a00000|  0%| F|  |TAMS 0x0000000747800000| PB 0x0000000747800000| Untracked |  0
|  32|0x0000000747a00000, 0x0000000747a00000, 0x0000000747c00000|  0%| F|  |TAMS 0x0000000747a00000| PB 0x0000000747a00000| Untracked |  0
|  33|0x0000000747c00000, 0x0000000747c00000, 0x0000000747e00000|  0%| F|  |TAMS 0x0000000747c00000| PB 0x0000000747c00000| Untracked |  0
|  34|0x0000000747e00000, 0x0000000747e00000, 0x0000000748000000|  0%| F|  |TAMS 0x0000000747e00000| PB 0x0000000747e00000| Untracked |  0
|  35|0x0000000748000000, 0x0000000748000000, 0x0000000748200000|  0%| F|  |TAMS 0x0000000748000000| PB 0x0000000748000000| Untracked |  0
|  36|0x0000000748200000, 0x0000000748200000, 0x0000000748400000|  0%| F|  |TAMS 0x0000000748200000| PB 0x0000000748200000| Untracked |  0
|  37|0x0000000748400000, 0x0000000748400000, 0x0000000748600000|  0%| F|  |TAMS 0x0000000748400000| PB 0x0000000748400000| Untracked |  0
|  38|0x0000000748600000, 0x0000000748600000, 0x0000000748800000|  0%| F|  |TAMS 0x0000000748600000| PB 0x0000000748600000| Untracked |  0
|  39|0x0000000748800000, 0x0000000748800000, 0x0000000748a00000|  0%| F|  |TAMS 0x0000000748800000| PB 0x0000000748800000| Untracked |  0
|  40|0x0000000748a00000, 0x0000000748a00000, 0x0000000748c00000|  0%| F|  |TAMS 0x0000000748a00000| PB 0x0000000748a00000| Untracked |  0
|  41|0x0000000748c00000, 0x0000000748c00000, 0x0000000748e00000|  0%| F|  |TAMS 0x0000000748c00000| PB 0x0000000748c00000| Untracked |  0
|  42|0x0000000748e00000, 0x0000000748e00000, 0x0000000749000000|  0%| F|  |TAMS 0x0000000748e00000| PB 0x0000000748e00000| Untracked |  0
|  43|0x0000000749000000, 0x0000000749000000, 0x0000000749200000|  0%| F|  |TAMS 0x0000000749000000| PB 0x0000000749000000| Untracked |  0
|  44|0x0000000749200000, 0x0000000749200000, 0x0000000749400000|  0%| F|  |TAMS 0x0000000749200000| PB 0x0000000749200000| Untracked |  0
|  45|0x0000000749400000, 0x0000000749400000, 0x0000000749600000|  0%| F|  |TAMS 0x0000000749400000| PB 0x0000000749400000| Untracked |  0
|  46|0x0000000749600000, 0x0000000749600000, 0x0000000749800000|  0%| F|  |TAMS 0x0000000749600000| PB 0x0000000749600000| Untracked |  0
|  47|0x0000000749800000, 0x0000000749800000, 0x0000000749a00000|  0%| F|  |TAMS 0x0000000749800000| PB 0x0000000749800000| Untracked |  0
|  48|0x0000000749a00000, 0x0000000749a00000, 0x0000000749c00000|  0%| F|  |TAMS 0x0000000749a00000| PB 0x0000000749a00000| Untracked |  0
|  49|0x0000000749c00000, 0x0000000749c00000, 0x0000000749e00000|  0%| F|  |TAMS 0x0000000749c00000| PB 0x0000000749c00000| Untracked |  0
|  50|0x0000000749e00000, 0x0000000749e00000, 0x000000074a000000|  0%| F|  |TAMS 0x0000000749e00000| PB 0x0000000749e00000| Untracked |  0
|  51|0x000000074a000000, 0x000000074a000000, 0x000000074a200000|  0%| F|  |TAMS 0x000000074a000000| PB 0x000000074a000000| Untracked |  0
|  52|0x000000074a200000, 0x000000074a200000, 0x000000074a400000|  0%| F|  |TAMS 0x000000074a200000| PB 0x000000074a200000| Untracked |  0
|  53|0x000000074a400000, 0x000000074a400000, 0x000000074a600000|  0%| F|  |TAMS 0x000000074a400000| PB 0x000000074a400000| Untracked |  0
|  54|0x000000074a600000, 0x000000074a600000, 0x000000074a800000|  0%| F|  |TAMS 0x000000074a600000| PB 0x000000074a600000| Untracked |  0
|  55|0x000000074a800000, 0x000000074a800000, 0x000000074aa00000|  0%| F|  |TAMS 0x000000074a800000| PB 0x000000074a800000| Untracked |  0
|  56|0x000000074aa00000, 0x000000074aa00000, 0x000000074ac00000|  0%| F|  |TAMS 0x000000074aa00000| PB 0x000000074aa00000| Untracked |  0
|  57|0x000000074ac00000, 0x000000074ac00000, 0x000000074ae00000|  0%| F|  |TAMS 0x000000074ac00000| PB 0x000000074ac00000| Untracked |  0
|  58|0x000000074ae00000, 0x000000074ae00000, 0x000000074b000000|  0%| F|  |TAMS 0x000000074ae00000| PB 0x000000074ae00000| Untracked |  0
|  59|0x000000074b000000, 0x000000074b000000, 0x000000074b200000|  0%| F|  |TAMS 0x000000074b000000| PB 0x000000074b000000| Untracked |  0
|  60|0x000000074b200000, 0x000000074b200000, 0x000000074b400000|  0%| F|  |TAMS 0x000000074b200000| PB 0x000000074b200000| Untracked |  0
|  61|0x000000074b400000, 0x000000074b400000, 0x000000074b600000|  0%| F|  |TAMS 0x000000074b400000| PB 0x000000074b400000| Untracked |  0
|  62|0x000000074b600000, 0x000000074b600000, 0x000000074b800000|  0%| F|  |TAMS 0x000000074b600000| PB 0x000000074b600000| Untracked |  0
|  63|0x000000074b800000, 0x000000074b800000, 0x000000074ba00000|  0%| F|  |TAMS 0x000000074b800000| PB 0x000000074b800000| Untracked |  0
|  64|0x000000074ba00000, 0x000000074ba00000, 0x000000074bc00000|  0%| F|  |TAMS 0x000000074ba00000| PB 0x000000074ba00000| Untracked |  0
|  65|0x000000074bc00000, 0x000000074bc00000, 0x000000074be00000|  0%| F|  |TAMS 0x000000074bc00000| PB 0x000000074bc00000| Untracked |  0
|  66|0x000000074be00000, 0x000000074be00000, 0x000000074c000000|  0%| F|  |TAMS 0x000000074be00000| PB 0x000000074be00000| Untracked |  0
|  67|0x000000074c000000, 0x000000074c000000, 0x000000074c200000|  0%| F|  |TAMS 0x000000074c000000| PB 0x000000074c000000| Untracked |  0
|  68|0x000000074c200000, 0x000000074c200000, 0x000000074c400000|  0%| F|  |TAMS 0x000000074c200000| PB 0x000000074c200000| Untracked |  0
|  69|0x000000074c400000, 0x000000074c400000, 0x000000074c600000|  0%| F|  |TAMS 0x000000074c400000| PB 0x000000074c400000| Untracked |  0
|  70|0x000000074c600000, 0x000000074c600000, 0x000000074c800000|  0%| F|  |TAMS 0x000000074c600000| PB 0x000000074c600000| Untracked |  0
|  71|0x000000074c800000, 0x000000074c800000, 0x000000074ca00000|  0%| F|  |TAMS 0x000000074c800000| PB 0x000000074c800000| Untracked |  0
|  72|0x000000074ca00000, 0x000000074ca00000, 0x000000074cc00000|  0%| F|  |TAMS 0x000000074ca00000| PB 0x000000074ca00000| Untracked |  0
|  73|0x000000074cc00000, 0x000000074cc00000, 0x000000074ce00000|  0%| F|  |TAMS 0x000000074cc00000| PB 0x000000074cc00000| Untracked |  0
|  74|0x000000074ce00000, 0x000000074ce00000, 0x000000074d000000|  0%| F|  |TAMS 0x000000074ce00000| PB 0x000000074ce00000| Untracked |  0
|  75|0x000000074d000000, 0x000000074d000000, 0x000000074d200000|  0%| F|  |TAMS 0x000000074d000000| PB 0x000000074d000000| Untracked |  0
|  76|0x000000074d200000, 0x000000074d200000, 0x000000074d400000|  0%| F|  |TAMS 0x000000074d200000| PB 0x000000074d200000| Untracked |  0
|  77|0x000000074d400000, 0x000000074d400000, 0x000000074d600000|  0%| F|  |TAMS 0x000000074d400000| PB 0x000000074d400000| Untracked |  0
|  78|0x000000074d600000, 0x000000074d600000, 0x000000074d800000|  0%| F|  |TAMS 0x000000074d600000| PB 0x000000074d600000| Untracked |  0
|  79|0x000000074d800000, 0x000000074d800000, 0x000000074da00000|  0%| F|  |TAMS 0x000000074d800000| PB 0x000000074d800000| Untracked |  0
|  80|0x000000074da00000, 0x000000074da00000, 0x000000074dc00000|  0%| F|  |TAMS 0x000000074da00000| PB 0x000000074da00000| Untracked |  0
|  81|0x000000074dc00000, 0x000000074dc00000, 0x000000074de00000|  0%| F|  |TAMS 0x000000074dc00000| PB 0x000000074dc00000| Untracked |  0
|  82|0x000000074de00000, 0x000000074de85ac0, 0x000000074e000000| 26%| E|  |TAMS 0x000000074de00000| PB 0x000000074de00000| Complete |  0
|  83|0x000000074e000000, 0x000000074e200000, 0x000000074e200000|100%| E|CS|TAMS 0x000000074e000000| PB 0x000000074e000000| Complete |  0
|  84|0x000000074e200000, 0x000000074e3931a0, 0x000000074e400000| 78%| S|CS|TAMS 0x000000074e200000| PB 0x000000074e200000| Complete |  0
|  85|0x000000074e400000, 0x000000074e600000, 0x000000074e600000|100%| E|CS|TAMS 0x000000074e400000| PB 0x000000074e400000| Complete |  0
|  86|0x000000074e600000, 0x000000074e800000, 0x000000074e800000|100%| E|CS|TAMS 0x000000074e600000| PB 0x000000074e600000| Complete |  0
|  87|0x000000074e800000, 0x000000074ea00000, 0x000000074ea00000|100%| E|CS|TAMS 0x000000074e800000| PB 0x000000074e800000| Complete |  0
|  88|0x000000074ea00000, 0x000000074ec00000, 0x000000074ec00000|100%| E|CS|TAMS 0x000000074ea00000| PB 0x000000074ea00000| Complete |  0
|  89|0x000000074ec00000, 0x000000074ee00000, 0x000000074ee00000|100%| E|CS|TAMS 0x000000074ec00000| PB 0x000000074ec00000| Complete |  0
|  90|0x000000074ee00000, 0x000000074f000000, 0x000000074f000000|100%| E|CS|TAMS 0x000000074ee00000| PB 0x000000074ee00000| Complete |  0
|  91|0x000000074f000000, 0x000000074f200000, 0x000000074f200000|100%| E|CS|TAMS 0x000000074f000000| PB 0x000000074f000000| Complete |  0
|  92|0x000000074f200000, 0x000000074f400000, 0x000000074f400000|100%| E|CS|TAMS 0x000000074f200000| PB 0x000000074f200000| Complete |  0
|  93|0x000000074f400000, 0x000000074f600000, 0x000000074f600000|100%| E|CS|TAMS 0x000000074f400000| PB 0x000000074f400000| Complete |  0
|  94|0x000000074f600000, 0x000000074f800000, 0x000000074f800000|100%| E|CS|TAMS 0x000000074f600000| PB 0x000000074f600000| Complete |  0

Card table byte_map: [0x0000023f74ca0000,0x0000023f75290000] _byte_map_base: 0x0000023f71283000

Marking Bits: (CMBitMap*) 0x0000023f5cb9c710
 Bits: [0x0000023f75290000, 0x0000023f781a8000)

Polling page: 0x0000023f5aba0000

Metaspace:

Usage:
  Non-class:     15.27 MB used.
      Class:      2.26 MB used.
       Both:     17.53 MB used.

Virtual space:
  Non-class space:       64.00 MB reserved,      15.44 MB ( 24%) committed,  1 nodes.
      Class space:        1.00 GB reserved,       2.38 MB ( <1%) committed,  1 nodes.
             Both:        1.06 GB reserved,      17.81 MB (  2%) committed. 

Chunk freelists:
   Non-Class:  192.00 KB
       Class:  13.53 MB
        Both:  13.72 MB

MaxMetaspaceSize: unlimited
CompressedClassSpaceSize: 1.00 GB
Initial GC threshold: 21.00 MB
Current GC threshold: 21.00 MB
CDS: on
 - commit_granule_bytes: 65536.
 - commit_granule_words: 8192.
 - virtual_space_node_default_size: 8388608.
 - enlarge_chunks_in_place: 1.
 - use_allocation_guard: 0.


Internal statistics:

num_allocs_failed_limit: 0.
num_arena_births: 300.
num_arena_deaths: 0.
num_vsnodes_births: 2.
num_vsnodes_deaths: 0.
num_space_committed: 285.
num_space_uncommitted: 0.
num_chunks_returned_to_freelist: 0.
num_chunks_taken_from_freelist: 863.
num_chunk_merges: 0.
num_chunk_splits: 561.
num_chunks_enlarged: 375.
num_inconsistent_stats: 0.

CodeHeap 'non-profiled nmethods': size=120064Kb used=783Kb max_used=783Kb free=119280Kb
 bounds [0x0000023f6cd30000, 0x0000023f6cfa0000, 0x0000023f74270000]
CodeHeap 'profiled nmethods': size=120000Kb used=3690Kb max_used=3690Kb free=116310Kb
 bounds [0x0000023f65270000, 0x0000023f65610000, 0x0000023f6c7a0000]
CodeHeap 'non-nmethods': size=5696Kb used=1560Kb max_used=1571Kb free=4135Kb
 bounds [0x0000023f6c7a0000, 0x0000023f6ca10000, 0x0000023f6cd30000]
CodeCache: size=245760Kb, used=6033Kb, max_used=6044Kb, free=239725Kb
 total_blobs=3114, nmethods=2580, adapters=439, full_count=0
Compilation: enabled, stopped_count=0, restarted_count=0

Compilation events (20 events):
Event: 4.181 Thread 0x0000023f7abded50 2464       3       org.springframework.asm.ClassReader::readStringish (16 bytes)
Event: 4.182 Thread 0x0000023f7abded50 nmethod 2464 0x0000023f655ccb88 code [0x0000023f655ccce0, 0x0000023f655ccfc8]
Event: 4.182 Thread 0x0000023f7abded50 2467       3       java.lang.invoke.DirectMethodHandle$Holder::invokeSpecial (15 bytes)
Event: 4.182 Thread 0x0000023f7abded50 nmethod 2467 0x0000023f655cd008 code [0x0000023f655cd140, 0x0000023f655cd680]
Event: 4.182 Thread 0x0000023f7abded50 2466       1       java.net.URLConnection::getUseCaches (5 bytes)
Event: 4.182 Thread 0x0000023f7abded50 nmethod 2466 0x0000023f6cded108 code [0x0000023f6cded220, 0x0000023f6cded2f0]
Event: 4.183 Thread 0x0000023f7abded50 2468       2       java.util.HashMap::putVal (300 bytes)
Event: 4.184 Thread 0x0000023f7abded50 nmethod 2468 0x0000023f655cd708 code [0x0000023f655cd8e0, 0x0000023f655ce0f0]
Event: 4.188 Thread 0x0000023f7abded50 2469       3       java.util.LinkedHashMap::sequencedKeySet (31 bytes)
Event: 4.189 Thread 0x0000023f7abded50 nmethod 2469 0x0000023f655ce108 code [0x0000023f655ce260, 0x0000023f655ce750]
Event: 4.189 Thread 0x0000023f7abded50 2470   !   3       jdk.internal.loader.BuiltinClassLoader::findResource (154 bytes)
Event: 4.190 Thread 0x0000023f7abded50 nmethod 2470 0x0000023f655ce788 code [0x0000023f655cea80, 0x0000023f655cfe90]
Event: 4.191 Thread 0x0000023f7abded50 2472       3       org.springframework.util.StringUtils::cleanPath (346 bytes)
Event: 4.196 Thread 0x0000023f7abded50 nmethod 2472 0x0000023f655cff88 code [0x0000023f655d05e0, 0x0000023f655d3fb0]
Event: 4.196 Thread 0x0000023f7abded50 2471       3       jdk.internal.loader.BuiltinClassLoader::findResourceOnClassPath (41 bytes)
Event: 4.197 Thread 0x0000023f7abded50 nmethod 2471 0x0000023f655d4108 code [0x0000023f655d4260, 0x0000023f655d4630]
Event: 4.197 Thread 0x0000023f7abded50 2474       1       org.springframework.core.annotation.AnnotationFilter$1::matches (2 bytes)
Event: 4.197 Thread 0x0000023f7abded50 nmethod 2474 0x0000023f6cded408 code [0x0000023f6cded520, 0x0000023f6cded5e8]
Event: 4.198 Thread 0x0000023f7abded50 2473       1       org.springframework.util.ConcurrentReferenceHashMap::getLoadFactor (5 bytes)
Event: 4.198 Thread 0x0000023f7abded50 nmethod 2473 0x0000023f6cded708 code [0x0000023f6cded820, 0x0000023f6cded8e8]

GC Heap History (4 events):
Event: 1.074 GC heap before
{Heap before GC invocations=0 (full 0):
 garbage-first heap   total reserved 3086336K, committed 194560K, used 22528K [0x0000000743a00000, 0x0000000800000000)
  region size 2048K, 12 young (24576K), 0 survivors (0K)
 Metaspace       used 6916K, committed 7168K, reserved 1114112K
  class space    used 831K, committed 960K, reserved 1048576K
}
Event: 1.079 GC heap after
{Heap after GC invocations=1 (full 0):
 garbage-first heap   total reserved 3086336K, committed 194560K, used 8352K [0x0000000743a00000, 0x0000000800000000)
  region size 2048K, 2 young (4096K), 2 survivors (4096K)
 Metaspace       used 6916K, committed 7168K, reserved 1114112K
  class space    used 831K, committed 960K, reserved 1048576K
}
Event: 1.656 GC heap before
{Heap before GC invocations=1 (full 0):
 garbage-first heap   total reserved 3086336K, committed 194560K, used 28832K [0x0000000743a00000, 0x0000000800000000)
  region size 2048K, 12 young (24576K), 2 survivors (4096K)
 Metaspace       used 11957K, committed 12288K, reserved 1114112K
  class space    used 1581K, committed 1728K, reserved 1048576K
}
Event: 1.664 GC heap after
{Heap after GC invocations=2 (full 0):
 garbage-first heap   total reserved 3086336K, committed 194560K, used 9924K [0x0000000743a00000, 0x0000000800000000)
  region size 2048K, 1 young (2048K), 1 survivors (2048K)
 Metaspace       used 11957K, committed 12288K, reserved 1114112K
  class space    used 1581K, committed 1728K, reserved 1048576K
}

Dll operation events (10 events):
Event: 0.027 Loaded shared library C:\Users\sraje\.jdks\openjdk-23.0.2\bin\java.dll
Event: 0.070 Loaded shared library C:\Users\sraje\.jdks\openjdk-23.0.2\bin\jsvml.dll
Event: 0.245 Loaded shared library C:\Users\sraje\.jdks\openjdk-23.0.2\bin\zip.dll
Event: 0.252 Loaded shared library C:\Users\sraje\.jdks\openjdk-23.0.2\bin\instrument.dll
Event: 0.262 Loaded shared library C:\Users\sraje\.jdks\openjdk-23.0.2\bin\net.dll
Event: 0.270 Loaded shared library C:\Users\sraje\.jdks\openjdk-23.0.2\bin\nio.dll
Event: 0.273 Loaded shared library C:\Users\sraje\.jdks\openjdk-23.0.2\bin\zip.dll
Event: 0.388 Loaded shared library C:\Program Files\JetBrains\IntelliJ IDEA Community Edition 2024.3.2\bin\breakgen64.dll
Event: 0.419 Loaded shared library C:\Users\sraje\.jdks\openjdk-23.0.2\bin\extnet.dll
Event: 0.447 Loaded shared library C:\Users\sraje\.jdks\openjdk-23.0.2\bin\jimage.dll

Deoptimization events (20 events):
Event: 3.020 Thread 0x0000023f5a91f7b0 Uncommon trap: trap_request=0xffffff45 fr.pc=0x0000023f6cdb4f90 relative=0x00000000000000f0
Event: 3.020 Thread 0x0000023f5a91f7b0 Uncommon trap: reason=unstable_if action=reinterpret pc=0x0000023f6cdb4f90 method=java.util.Arrays.equals([Ljava/lang/Object;[Ljava/lang/Object;)Z @ 44 c2
Event: 3.020 Thread 0x0000023f5a91f7b0 DEOPT PACKING pc=0x0000023f6cdb4f90 sp=0x000000becdafd9a0
Event: 3.020 Thread 0x0000023f5a91f7b0 DEOPT UNPACKING pc=0x0000023f6c7f7982 sp=0x000000becdafd940 mode 2
Event: 4.099 Thread 0x0000023f5a91f7b0 Uncommon trap: trap_request=0xffffff45 fr.pc=0x0000023f6cdc6500 relative=0x0000000000000d60
Event: 4.099 Thread 0x0000023f5a91f7b0 Uncommon trap: reason=unstable_if action=reinterpret pc=0x0000023f6cdc6500 method=java.util.jar.JarFile.getVersionedEntry(Ljava/lang/String;Ljava/util/jar/JarEntry;)Ljava/util/jar/JarEntry; @ 26 c2
Event: 4.099 Thread 0x0000023f5a91f7b0 DEOPT PACKING pc=0x0000023f6cdc6500 sp=0x000000becdafe080
Event: 4.099 Thread 0x0000023f5a91f7b0 DEOPT UNPACKING pc=0x0000023f6c7f7982 sp=0x000000becdafe040 mode 2
Event: 4.173 Thread 0x0000023f5a91f7b0 Uncommon trap: trap_request=0xffffffde fr.pc=0x0000023f6cde52f8 relative=0x00000000000008b8
Event: 4.173 Thread 0x0000023f5a91f7b0 Uncommon trap: reason=class_check action=maybe_recompile pc=0x0000023f6cde52f8 method=java.util.HashMap.putVal(ILjava/lang/Object;Ljava/lang/Object;ZZ)Ljava/lang/Object; @ 203 c2
Event: 4.173 Thread 0x0000023f5a91f7b0 DEOPT PACKING pc=0x0000023f6cde52f8 sp=0x000000becdafe890
Event: 4.173 Thread 0x0000023f5a91f7b0 DEOPT UNPACKING pc=0x0000023f6c7f7982 sp=0x000000becdafe820 mode 2
Event: 4.173 Thread 0x0000023f5a91f7b0 Uncommon trap: trap_request=0xffffffc6 fr.pc=0x0000023f6cde5324 relative=0x00000000000008e4
Event: 4.173 Thread 0x0000023f5a91f7b0 Uncommon trap: reason=bimorphic_or_optimized_type_check action=maybe_recompile pc=0x0000023f6cde5324 method=java.util.HashMap.putVal(ILjava/lang/Object;Ljava/lang/Object;ZZ)Ljava/lang/Object; @ 91 c2
Event: 4.173 Thread 0x0000023f5a91f7b0 DEOPT PACKING pc=0x0000023f6cde5324 sp=0x000000becdafe890
Event: 4.173 Thread 0x0000023f5a91f7b0 DEOPT UNPACKING pc=0x0000023f6c7f7982 sp=0x000000becdafe820 mode 2
Event: 4.174 Thread 0x0000023f5a91f7b0 Uncommon trap: trap_request=0xffffffc6 fr.pc=0x0000023f6cde5324 relative=0x00000000000008e4
Event: 4.174 Thread 0x0000023f5a91f7b0 Uncommon trap: reason=bimorphic_or_optimized_type_check action=maybe_recompile pc=0x0000023f6cde5324 method=java.util.HashMap.putVal(ILjava/lang/Object;Ljava/lang/Object;ZZ)Ljava/lang/Object; @ 91 c2
Event: 4.174 Thread 0x0000023f5a91f7b0 DEOPT PACKING pc=0x0000023f6cde5324 sp=0x000000becdafe890
Event: 4.174 Thread 0x0000023f5a91f7b0 DEOPT UNPACKING pc=0x0000023f6c7f7982 sp=0x000000becdafe820 mode 2

Classes loaded (20 events):
Event: 3.051 Loading class org/xml/sax/ext/Locator2 done
Event: 3.051 Loading class com/sun/org/apache/xerces/internal/parsers/AbstractSAXParser$LocatorProxy done
Event: 3.051 Loading class com/sun/org/apache/xerces/internal/impl/XMLScanner$NameType
Event: 3.052 Loading class com/sun/org/apache/xerces/internal/impl/XMLScanner$NameType done
Event: 3.052 Loading class com/sun/org/apache/xerces/internal/impl/Constants
Event: 3.053 Loading class com/sun/org/apache/xerces/internal/impl/Constants done
Event: 3.053 Loading class com/sun/org/apache/xerces/internal/impl/Constants$ArrayEnumeration
Event: 3.053 Loading class com/sun/org/apache/xerces/internal/impl/Constants$ArrayEnumeration done
Event: 3.054 Loading class javax/xml/catalog/CatalogEntry
Event: 3.054 Loading class javax/xml/catalog/CatalogEntry done
Event: 3.054 Loading class javax/xml/catalog/Normalizer
Event: 3.054 Loading class javax/xml/catalog/Normalizer done
Event: 3.055 Loading class javax/xml/catalog/CatalogReader$1
Event: 3.055 Loading class javax/xml/catalog/CatalogReader$1 done
Event: 3.055 Loading class javax/xml/catalog/SystemEntry
Event: 3.056 Loading class javax/xml/catalog/SystemEntry done
Event: 3.056 Loading class com/sun/org/apache/xerces/internal/impl/io/MalformedByteSequenceException
Event: 3.056 Loading class com/sun/org/apache/xerces/internal/impl/io/MalformedByteSequenceException done
Event: 3.056 Loading class jdk/xml/internal/JdkProperty
Event: 3.056 Loading class jdk/xml/internal/JdkProperty done

Classes unloaded (0 events):
No events

Classes redefined (0 events):
No events

Internal exceptions (20 events):
Event: 1.165 Thread 0x0000023f5a91f7b0 Exception <a 'java/lang/NoSuchMethodError'{0x000000074f4c14a8}: 'int java.lang.invoke.DirectMethodHandle$Holder.invokeInterface(java.lang.Object, java.lang.Object)'> (0x000000074f4c14a8) 
thrown [s\open\src\hotspot\share\interpreter\linkResolver.cpp, line 796]
Event: 1.172 Thread 0x0000023f5a91f7b0 Exception <a 'java/lang/NoSuchMethodError'{0x000000074f4e2ab8}: 'void java.lang.invoke.DirectMethodHandle$Holder.invokeSpecial(java.lang.Object, java.lang.Object, java.lang.Object, java.lang.Object, java.lang.Object)'> (0x000000074f4e2ab8) 
thrown [s\open\src\hotspot\share\interpreter\linkResolver.cpp, line 796]
Event: 1.184 Thread 0x0000023f5a91f7b0 Exception <a 'java/lang/NoSuchMethodError'{0x000000074f5234b8}: 'int java.lang.invoke.DirectMethodHandle$Holder.invokeVirtual(java.lang.Object, java.lang.Object)'> (0x000000074f5234b8) 
thrown [s\open\src\hotspot\share\interpreter\linkResolver.cpp, line 796]
Event: 1.214 Thread 0x0000023f5a91f7b0 Exception <a 'java/lang/NoSuchMethodError'{0x000000074f5c47f0}: 'java.lang.Object java.lang.invoke.DirectMethodHandle$Holder.invokeSpecial(java.lang.Object, java.lang.Object, java.lang.Object, int, java.lang.Object)'> (0x000000074f5c47f0) 
thrown [s\open\src\hotspot\share\interpreter\linkResolver.cpp, line 796]
Event: 1.215 Thread 0x0000023f5a91f7b0 Exception <a 'java/lang/NoSuchMethodError'{0x000000074f5cc2f8}: 'java.lang.Object java.lang.invoke.DirectMethodHandle$Holder.newInvokeSpecial(java.lang.Object, java.lang.Object, java.lang.Object, int, java.lang.Object)'> (0x000000074f5cc2f8) 
thrown [s\open\src\hotspot\share\interpreter\linkResolver.cpp, line 796]
Event: 1.216 Thread 0x0000023f5a91f7b0 Exception <a 'java/lang/NoSuchMethodError'{0x000000074f5d38d0}: 'java.lang.Object java.lang.invoke.Invokers$Holder.linkToTargetMethod(java.lang.Object, java.lang.Object, int, java.lang.Object, java.lang.Object)'> (0x000000074f5d38d0) 
thrown [s\open\src\hotspot\share\interpreter\linkResolver.cpp, line 796]
Event: 1.217 Thread 0x0000023f5a91f7b0 Exception <a 'java/lang/NoSuchMethodError'{0x000000074f5da510}: 'int java.lang.invoke.DirectMethodHandle$Holder.invokeStatic(java.lang.Object, int, java.lang.Object, java.lang.Object)'> (0x000000074f5da510) 
thrown [s\open\src\hotspot\share\interpreter\linkResolver.cpp, line 796]
Event: 1.217 Thread 0x0000023f5a91f7b0 Exception <a 'java/lang/NoSuchMethodError'{0x000000074f5e16d8}: 'java.lang.Object java.lang.invoke.DirectMethodHandle$Holder.newInvokeSpecial(java.lang.Object, int, java.lang.Object)'> (0x000000074f5e16d8) 
thrown [s\open\src\hotspot\share\interpreter\linkResolver.cpp, line 796]
Event: 1.218 Thread 0x0000023f5a91f7b0 Exception <a 'java/lang/NoSuchMethodError'{0x000000074f5e6260}: 'int java.lang.invoke.DirectMethodHandle$Holder.invokeSpecialIFC(java.lang.Object, java.lang.Object, java.lang.Object, java.lang.Object)'> (0x000000074f5e6260) 
thrown [s\open\src\hotspot\share\interpreter\linkResolver.cpp, line 796]
Event: 1.244 Thread 0x0000023f5a91f7b0 Exception <a 'java/lang/NoSuchMethodError'{0x000000074f2b5678}: 'void java.lang.invoke.DirectMethodHandle$Holder.invokeInterface(java.lang.Object, java.lang.Object, java.lang.Object)'> (0x000000074f2b5678) 
thrown [s\open\src\hotspot\share\interpreter\linkResolver.cpp, line 796]
Event: 1.275 Thread 0x0000023f5a91f7b0 Exception <a 'java/lang/NoSuchMethodError'{0x000000074f33acd0}: 'void java.lang.invoke.DirectMethodHandle$Holder.invokeStaticInit(java.lang.Object, java.lang.Object, java.lang.Object)'> (0x000000074f33acd0) 
thrown [s\open\src\hotspot\share\interpreter\linkResolver.cpp, line 796]
Event: 1.283 Thread 0x0000023f5a91f7b0 Exception <a 'java/lang/NoSuchMethodError'{0x000000074f3855c8}: 'java.lang.Object java.lang.invoke.DirectMethodHandle$Holder.invokeVirtual(java.lang.Object, java.lang.Object, java.lang.Object)'> (0x000000074f3855c8) 
thrown [s\open\src\hotspot\share\interpreter\linkResolver.cpp, line 796]
Event: 1.309 Thread 0x0000023f5a91f7b0 Exception <a 'java/lang/NoSuchMethodError'{0x000000074f013530}: 'void java.lang.invoke.DirectMethodHandle$Holder.invokeVirtual(java.lang.Object, java.lang.Object, java.lang.Object, java.lang.Object)'> (0x000000074f013530) 
thrown [s\open\src\hotspot\share\interpreter\linkResolver.cpp, line 796]
Event: 1.414 Thread 0x0000023f5a91f7b0 Exception <a 'java/lang/NoSuchMethodError'{0x000000074ee5d2e0}: 'java.lang.reflect.Field[] java.lang.Class.getDeclaredFields(java.lang.Class)'> (0x000000074ee5d2e0) 
thrown [s\open\src\hotspot\share\interpreter\linkResolver.cpp, line 796]
Event: 1.415 Thread 0x0000023f5a91f7b0 Exception <a 'java/lang/NoSuchMethodError'{0x000000074ee61cf0}: 'java.lang.Object java.lang.invoke.DirectMethodHandle$Holder.invokeStatic(java.lang.Object, java.lang.Object, int)'> (0x000000074ee61cf0) 
thrown [s\open\src\hotspot\share\interpreter\linkResolver.cpp, line 796]
Event: 1.416 Thread 0x0000023f5a91f7b0 Exception <a 'java/lang/NoSuchMethodError'{0x000000074eeb22a0}: 'void java.lang.invoke.DelegatingMethodHandle$Holder.delegate(java.lang.Object, java.lang.Object, int, java.lang.Object)'> (0x000000074eeb22a0) 
thrown [s\open\src\hotspot\share\interpreter\linkResolver.cpp, line 796]
Event: 1.433 Thread 0x0000023f5a91f7b0 Exception <a 'java/lang/IncompatibleClassChangeError'{0x000000074ef97590}: Found class java.lang.Object, but interface was expected> (0x000000074ef97590) 
thrown [s\open\src\hotspot\share\interpreter\linkResolver.cpp, line 863]
Event: 1.611 Thread 0x0000023f5a91f7b0 Exception <a 'java/lang/NoSuchMethodError'{0x000000074e7fb080}: 'java.lang.Object java.lang.invoke.DirectMethodHandle$Holder.invokeStatic(java.lang.Object, int, java.lang.Object)'> (0x000000074e7fb080) 
thrown [s\open\src\hotspot\share\interpreter\linkResolver.cpp, line 796]
Event: 2.968 Thread 0x0000023f5a91f7b0 Exception <a 'java/lang/NoSuchMethodError'{0x000000074ee9aef0}: 'int java.lang.invoke.DirectMethodHandle$Holder.invokeSpecial(java.lang.Object, java.lang.Object, java.lang.Object, java.lang.Object, java.lang.Object)'> (0x000000074ee9aef0) 
thrown [s\open\src\hotspot\share\interpreter\linkResolver.cpp, line 796]
Event: 2.970 Thread 0x0000023f5a91f7b0 Exception <a 'java/lang/NoSuchMethodError'{0x000000074eea3528}: 'void java.lang.invoke.DirectMethodHandle$Holder.invokeVirtual(java.lang.Object, java.lang.Object)'> (0x000000074eea3528) 
thrown [s\open\src\hotspot\share\interpreter\linkResolver.cpp, line 796]

VM Operations (20 events):
Event: 0.923 Executing VM operation: HandshakeAllThreads (Deoptimize)
Event: 0.923 Executing VM operation: HandshakeAllThreads (Deoptimize) done
Event: 1.073 Executing VM operation: G1CollectForAllocation (G1 Evacuation Pause)
Event: 1.079 Executing VM operation: G1CollectForAllocation (G1 Evacuation Pause) done
Event: 1.180 Executing VM operation: HandshakeAllThreads (Deoptimize)
Event: 1.180 Executing VM operation: HandshakeAllThreads (Deoptimize) done
Event: 1.397 Executing VM operation: HandshakeAllThreads (Deoptimize)
Event: 1.397 Executing VM operation: HandshakeAllThreads (Deoptimize) done
Event: 1.402 Executing VM operation: HandshakeAllThreads (Deoptimize)
Event: 1.402 Executing VM operation: HandshakeAllThreads (Deoptimize) done
Event: 1.403 Executing VM operation: HandshakeAllThreads (Deoptimize)
Event: 1.403 Executing VM operation: HandshakeAllThreads (Deoptimize) done
Event: 1.415 Executing VM operation: HandshakeAllThreads (Deoptimize)
Event: 1.415 Executing VM operation: HandshakeAllThreads (Deoptimize) done
Event: 1.441 Executing VM operation: HandshakeAllThreads (Deoptimize)
Event: 1.446 Executing VM operation: HandshakeAllThreads (Deoptimize) done
Event: 1.656 Executing VM operation: G1CollectForAllocation (G1 Evacuation Pause)
Event: 1.664 Executing VM operation: G1CollectForAllocation (G1 Evacuation Pause) done
Event: 2.935 Executing VM operation: HandshakeAllThreads (Deoptimize)
Event: 2.935 Executing VM operation: HandshakeAllThreads (Deoptimize) done

Memory protections (0 events):
No events

Nmethod flushes (0 events):
No events

Events (14 events):
Event: 0.048 Thread 0x0000023f5a91f7b0 Thread added: 0x0000023f5a91f7b0
Event: 0.066 Thread 0x0000023f5a91f7b0 Thread added: 0x0000023f7abbddd0
Event: 0.067 Thread 0x0000023f5a91f7b0 Thread added: 0x0000023f7abc1a60
Event: 0.067 Thread 0x0000023f5a91f7b0 Thread added: 0x0000023f7abc5610
Event: 0.067 Thread 0x0000023f5a91f7b0 Thread added: 0x0000023f7abcaf10
Event: 0.067 Thread 0x0000023f5a91f7b0 Thread added: 0x0000023f7abc97b0
Event: 0.067 Thread 0x0000023f5a91f7b0 Thread added: 0x0000023f7abcc990
Event: 0.067 Thread 0x0000023f5a91f7b0 Thread added: 0x0000023f7abd79f0
Event: 0.067 Thread 0x0000023f5a91f7b0 Thread added: 0x0000023f7abded50
Event: 0.215 Thread 0x0000023f5a91f7b0 Thread added: 0x0000023f450ab660
Event: 0.300 Thread 0x0000023f7abd79f0 Thread added: 0x0000023f451a0480
Event: 0.388 Thread 0x0000023f5a91f7b0 Thread added: 0x0000023f45511440
Event: 0.388 Thread 0x0000023f5a91f7b0 Thread added: 0x0000023f45511ab0
Event: 1.410 Thread 0x0000023f5a91f7b0 Thread added: 0x0000023f46039df0


Dynamic libraries:
0x00007ff790a30000 - 0x00007ff790a3e000 	C:\Users\sraje\.jdks\openjdk-23.0.2\bin\java.exe
0x00007ffd1e240000 - 0x00007ffd1e4a3000 	C:\WINDOWS\SYSTEM32\ntdll.dll
0x00007ffd1d9d0000 - 0x00007ffd1da97000 	C:\WINDOWS\System32\KERNEL32.DLL
0x00007ffd1bb80000 - 0x00007ffd1bf47000 	C:\WINDOWS\System32\KERNELBASE.dll
0x00007ffd1b710000 - 0x00007ffd1b85c000 	C:\WINDOWS\System32\ucrtbase.dll
0x00007ffd15960000 - 0x00007ffd15977000 	C:\Users\sraje\.jdks\openjdk-23.0.2\bin\jli.dll
0x00007ffd160d0000 - 0x00007ffd160eb000 	C:\Users\sraje\.jdks\openjdk-23.0.2\bin\VCRUNTIME140.dll
0x00007ffd1d800000 - 0x00007ffd1d9c9000 	C:\WINDOWS\System32\USER32.dll
0x00007ffd1b910000 - 0x00007ffd1b937000 	C:\WINDOWS\System32\win32u.dll
0x00007ffd1df60000 - 0x00007ffd1df8a000 	C:\WINDOWS\System32\GDI32.dll
0x00007ffd080b0000 - 0x00007ffd08340000 	C:\WINDOWS\WinSxS\amd64_microsoft.windows.common-controls_6595b64144ccf1df_6.0.26100.3037_none_3e09262ce333c378\COMCTL32.dll
0x00007ffd1bf50000 - 0x00007ffd1c07b000 	C:\WINDOWS\System32\gdi32full.dll
0x00007ffd1e080000 - 0x00007ffd1e129000 	C:\WINDOWS\System32\msvcrt.dll
0x00007ffd1b860000 - 0x00007ffd1b903000 	C:\WINDOWS\System32\msvcp_win.dll
0x00007ffd1daa0000 - 0x00007ffd1dacf000 	C:\WINDOWS\System32\IMM32.DLL
0x00007ffd15a30000 - 0x00007ffd15a3c000 	C:\Users\sraje\.jdks\openjdk-23.0.2\bin\vcruntime140_1.dll
0x00007ffcff9b0000 - 0x00007ffcffa3e000 	C:\Users\sraje\.jdks\openjdk-23.0.2\bin\msvcp140.dll
0x00007ffccc810000 - 0x00007ffccd560000 	C:\Users\sraje\.jdks\openjdk-23.0.2\bin\server\jvm.dll
0x00007ffd1dae0000 - 0x00007ffd1db94000 	C:\WINDOWS\System32\ADVAPI32.dll
0x00007ffd1caa0000 - 0x00007ffd1cb46000 	C:\WINDOWS\System32\sechost.dll
0x00007ffd1c670000 - 0x00007ffd1c786000 	C:\WINDOWS\System32\RPCRT4.dll
0x00007ffd1c5f0000 - 0x00007ffd1c664000 	C:\WINDOWS\System32\WS2_32.dll
0x00007ffd1b470000 - 0x00007ffd1b4be000 	C:\WINDOWS\SYSTEM32\POWRPROF.dll
0x00007ffd01960000 - 0x00007ffd01996000 	C:\WINDOWS\SYSTEM32\WINMM.dll
0x00007ffd0d590000 - 0x00007ffd0d59b000 	C:\WINDOWS\SYSTEM32\VERSION.dll
0x00007ffd1b450000 - 0x00007ffd1b464000 	C:\WINDOWS\SYSTEM32\UMPDC.dll
0x00007ffd1a3e0000 - 0x00007ffd1a3fa000 	C:\WINDOWS\SYSTEM32\kernel.appcore.dll
0x00007ffd15950000 - 0x00007ffd1595a000 	C:\Users\sraje\.jdks\openjdk-23.0.2\bin\jimage.dll
0x00007ffd18d40000 - 0x00007ffd18f81000 	C:\WINDOWS\SYSTEM32\DBGHELP.DLL
0x00007ffd1dbb0000 - 0x00007ffd1df2e000 	C:\WINDOWS\System32\combase.dll
0x00007ffd1c790000 - 0x00007ffd1c866000 	C:\WINDOWS\System32\OLEAUT32.dll
0x00007ffd022f0000 - 0x00007ffd02329000 	C:\WINDOWS\SYSTEM32\dbgcore.DLL
0x00007ffd1b670000 - 0x00007ffd1b709000 	C:\WINDOWS\System32\bcryptPrimitives.dll
0x00007ffd15940000 - 0x00007ffd1594f000 	C:\Users\sraje\.jdks\openjdk-23.0.2\bin\instrument.dll
0x00007ffd148c0000 - 0x00007ffd148de000 	C:\Users\sraje\.jdks\openjdk-23.0.2\bin\java.dll
0x00007ffd1c900000 - 0x00007ffd1ca95000 	C:\WINDOWS\System32\ole32.dll
0x00007ffd1d0f0000 - 0x00007ffd1d7f4000 	C:\WINDOWS\System32\SHELL32.dll
0x00007ffd192c0000 - 0x00007ffd19af7000 	C:\WINDOWS\SYSTEM32\windows.storage.dll
0x00007ffd1df90000 - 0x00007ffd1e079000 	C:\WINDOWS\System32\SHCORE.dll
0x00007ffd1d090000 - 0x00007ffd1d0ed000 	C:\WINDOWS\System32\shlwapi.dll
0x00007ffd1b4f0000 - 0x00007ffd1b51e000 	C:\WINDOWS\SYSTEM32\profapi.dll
0x00007ffcef320000 - 0x00007ffcef3f7000 	C:\Users\sraje\.jdks\openjdk-23.0.2\bin\jsvml.dll
0x00007ffd07c90000 - 0x00007ffd07ca7000 	C:\Users\sraje\.jdks\openjdk-23.0.2\bin\zip.dll
0x00007ffd15930000 - 0x00007ffd15940000 	C:\Users\sraje\.jdks\openjdk-23.0.2\bin\net.dll
0x00007ffd1a8e0000 - 0x00007ffd1a94a000 	C:\WINDOWS\system32\mswsock.dll
0x00007ffd0fbf0000 - 0x00007ffd0fc06000 	C:\Users\sraje\.jdks\openjdk-23.0.2\bin\nio.dll
0x00007ffd07520000 - 0x00007ffd0753a000 	C:\Program Files\JetBrains\IntelliJ IDEA Community Edition 2024.3.2\bin\breakgen64.dll
0x00007ffd158f0000 - 0x00007ffd158f9000 	C:\Users\sraje\.jdks\openjdk-23.0.2\bin\extnet.dll

dbghelp: loaded successfully - version: 4.0.5 - missing functions: none
symbol engine: initialized successfully - sym options: 0x614 - pdb path: .;C:\Users\sraje\.jdks\openjdk-23.0.2\bin;C:\WINDOWS\SYSTEM32;C:\WINDOWS\WinSxS\amd64_microsoft.windows.common-controls_6595b64144ccf1df_6.0.26100.3037_none_3e09262ce333c378;C:\Users\sraje\.jdks\openjdk-23.0.2\bin\server;C:\Program Files\JetBrains\IntelliJ IDEA Community Edition 2024.3.2\bin

VM Arguments:
jvm_args: -javaagent:C:\Program Files\JetBrains\IntelliJ IDEA Community Edition 2024.3.2\lib\idea_rt.jar=57964:C:\Program Files\JetBrains\IntelliJ IDEA Community Edition 2024.3.2\bin -Dfile.encoding=UTF-8 -Dsun.stdout.encoding=UTF-8 -Dsun.stderr.encoding=UTF-8 
java_command: AppointmentScheduling.Schedular_App.SchedularAppApplication
java_class_path (initial): C:\Users\sraje\IdeaProjects\Schedular-App\target\classes;C:\Users\sraje\.m2\repository\org\springframework\boot\spring-boot-starter-data-jpa\3.4.3\spring-boot-starter-data-jpa-3.4.3.jar;C:\Users\sraje\.m2\repository\org\springframework\boot\spring-boot-starter\3.4.3\spring-boot-starter-3.4.3.jar;C:\Users\sraje\.m2\repository\org\springframework\boot\spring-boot\3.4.3\spring-boot-3.4.3.jar;C:\Users\sraje\.m2\repository\org\springframework\boot\spring-boot-autoconfigure\3.4.3\spring-boot-autoconfigure-3.4.3.jar;C:\Users\sraje\.m2\repository\org\springframework\boot\spring-boot-starter-logging\3.4.3\spring-boot-starter-logging-3.4.3.jar;C:\Users\sraje\.m2\repository\ch\qos\logback\logback-classic\1.5.16\logback-classic-1.5.16.jar;C:\Users\sraje\.m2\repository\ch\qos\logback\logback-core\1.5.16\logback-core-1.5.16.jar;C:\Users\sraje\.m2\repository\org\apache\logging\log4j\log4j-to-slf4j\2.24.3\log4j-to-slf4j-2.24.3.jar;C:\Users\sraje\.m2\repository\org\apache\logging\log4j\log4j-api\2.24.3\log4j-api-2.24.3.jar;C:\Users\sraje\.m2\repository\org\slf4j\jul-to-slf4j\2.0.16\jul-to-slf4j-2.0.16.jar;C:\Users\sraje\.m2\repository\jakarta\annotation\jakarta.annotation-api\2.1.1\jakarta.annotation-api-2.1.1.jar;C:\Users\sraje\.m2\repository\org\yaml\snakeyaml\2.3\snakeyaml-2.3.jar;C:\Users\sraje\.m2\repository\org\springframework\boot\spring-boot-starter-jdbc\3.4.3\spring-boot-starter-jdbc-3.4.3.jar;C:\Users\sraje\.m2\repository\com\zaxxer\HikariCP\5.1.0\HikariCP-5.1.0.jar;C:\Users\sraje\.m2\repository\org\springframework\spring-jdbc\6.2.3\spring-jdbc-6.2.3.jar;C:\Users\sraje\.m2\repository\org\hibernate\orm\hibernate-core\6.6.8.Final\hibernate-core-6.6.8.Final.jar;C:\Users\sraje\.m2\repository\jakarta\persistence\jakarta.persistence-api\3.1.0\jakarta.persistence-api-3.1.0.jar;C:\Users\sraje\.m2\repository\jakarta\transaction\jakarta.transaction-api\2.0.1\jakarta.transaction-api-2.0.1.jar;C:\Users\sraje\.m2\repository\org\jboss\logging\jboss-logging\3.6.1.Final\jboss-logging-3.6.1.Final.jar;C:\Users\sraje\.m2\repository\org\hibernate\common\hibernate-commons-annotations\7.0.3.Final\hibernate-commons-annotations-7.0.3.Final.jar;C:\Users\sraje\.m2\repository\io\smallrye\jandex\3.2.0\jandex-3.2.0.jar;C:\Users\sraje\.m2\repository\com\fasterxml\classmate\1.7.0\classmate-1.7.0.jar;C:\Users\sraje\.m2\repository\net\bytebuddy\byte-buddy\1.15.11\byte-buddy-1.15.11.jar;C:\Users\sraje\.m2\repository\org\glassfish\jaxb\jaxb-runtime\4.0.5\jaxb-runtime-4.0.5.jar;C:\Users\sraje\.m2\repository\org\glassfish\jaxb\jaxb-core\4.0.5\jaxb-core-4.0.5.jar;C:\Users\sraje\.m2\repository\org\glassfish\jaxb\txw2\4.0.5\txw2-4.0.5.jar;C:\Users\sraje\.m2\repository\com\sun\istack\istack-commons-runtime\4.1.2\istack-commons-runtime-4.1.2.jar;C:\Users\sraje\.m2\repository\jakarta\inject\jakarta.inject-api\2.0.1\jakarta.inject-api-2.0.1.jar;C:\Users\sraje\.m2\repository\org\antlr\antlr4-runtime\4.13.0\antlr4-runtime-4.13.0.jar;C:\Users\sraje\.m2\repository\org\springframework\data\spring-data-jpa\3.4.3\spring-data-jpa-3.4.3.jar;C:\Users\sraje\.m2\repository\org\springframework\data\spring-data-commons\3.4.3\spring-data-commons-3.4.3.jar;C:\Users\sraje\.m2\repository\org\springframework\spring-orm\6.2.3\spring-orm-6.2.3.jar;C:\Users\sraje\.m2\repository\org\springframework\spring-context\6.2.3\spring-context-6.2.3.jar;C:\Users\sraje\.m2\repository\org\springframework\spring-tx\6.2.3\spring-tx-6.2.3.jar;C:\Users\sraje\.m2\repository\org\springframework\spring-beans\6.2.3\spring-beans-6.2.3.jar;C:\Users\sraje\.m2\repository\org\slf4j\slf4j-api\2.0.16\slf4j-api-2.0.16.jar;C:\Users\sraje\.m2\repository\org\springframework\spring-aspects\6.2.3\spring-aspects-6.2.3.jar;C:\Users\sraje\.m2\repository\org\aspectj\aspectjweaver\1.9.22.1\aspectjweaver-1.9.22.1.jar;C:\Users\sraje\.m2\repository\org\springframework\boot\spring-boot-starter-mail\3.4.3\spring-boot-starter-mail-3.4.3.jar;C:\Users\sraje\.m2\repository\org\springframework\spring-context-support\6.2.3\spring-context-support-6.2.3.jar;C:\Users\sraje\.m2\repository\org\eclipse\angus\jakarta.mail\2.0.3\jakarta.mail-2.0.3.jar;C:\Users\sraje\.m2\repository\jakarta\activation\jakarta.activation-api\2.1.3\jakarta.activation-api-2.1.3.jar;C:\Users\sraje\.m2\repository\org\eclipse\angus\angus-activation\2.0.2\angus-activation-2.0.2.jar;C:\Users\sraje\.m2\repository\org\springframework\boot\spring-boot-starter-validation\3.4.3\spring-boot-starter-validation-3.4.3.jar;C:\Users\sraje\.m2\repository\org\apache\tomcat\embed\tomcat-embed-el\10.1.36\tomcat-embed-el-10.1.36.jar;C:\Users\sraje\.m2\repository\org\hibernate\validator\hibernate-validator\8.0.2.Final\hibernate-validator-8.0.2.Final.jar;C:\Users\sraje\.m2\repository\jakarta\validation\jakarta.validation-api\3.0.2\jakarta.validation-api-3.0.2.jar;C:\Users\sraje\.m2\repository\org\springframework\boot\spring-boot-starter-web\3.4.3\spring-boot-starter-web-3.4.3.jar;C:\Users\sraje\.m2\repository\org\springframework\boot\spring-boot-starter-json\3.4.3\spring-boot-starter-json-3.4.3.jar;C:\Users\sraje\.m2\repository\com\fasterxml\jackson\datatype\jackson-datatype-jdk8\2.18.2\jackson-datatype-jdk8-2.18.2.jar;C:\Users\sraje\.m2\repository\com\fasterxml\jackson\datatype\jackson-datatype-jsr310\2.18.2\jackson-datatype-jsr310-2.18.2.jar;C:\Users\sraje\.m2\repository\com\fasterxml\jackson\module\jackson-module-parameter-names\2.18.2\jackson-module-parameter-names-2.18.2.jar;C:\Users\sraje\.m2\repository\org\springframework\boot\spring-boot-starter-tomcat\3.4.3\spring-boot-starter-tomcat-3.4.3.jar;C:\Users\sraje\.m2\repository\org\apache\tomcat\embed\tomcat-embed-core\10.1.36\tomcat-embed-core-10.1.36.jar;C:\Users\sraje\.m2\repository\org\apache\tomcat\embed\tomcat-embed-websocket\10.1.36\tomcat-embed-websocket-10.1.36.jar;C:\Users\sraje\.m2\repository\org\springframework\spring-web\6.2.3\spring-web-6.2.3.jar;C:\Users\sraje\.m2\repository\io\micrometer\micrometer-observation\1.14.4\micrometer-observation-1.14.4.jar;C:\Users\sraje\.m2\repository\io\micrometer\micrometer-commons\1.14.4\micrometer-commons-1.14.4.jar;C:\Users\sraje\.m2\repository\org\springframework\spring-webmvc\6.2.3\spring-webmvc-6.2.3.jar;C:\Users\sraje\.m2\repository\org\springframework\spring-expression\6.2.3\spring-expression-6.2.3.jar;C:\Users\sraje\.m2\repository\org\postgresql\postgresql\42.7.5\postgresql-42.7.5.jar;C:\Users\sraje\.m2\repository\org\checkerframework\checker-qual\3.48.3\checker-qual-3.48.3.jar;C:\Users\sraje\.m2\repository\org\projectlombok\lombok\1.18.36\lombok-1.18.36.jar;C:\Users\sraje\.m2\repository\jakarta\xml\bind\jakarta.xml.bind-api\4.0.2\jakarta.xml.bind-api-4.0.2.jar;C:\Users\sraje\.m2\repository\org\springframework\spring-core\6.2.3\spring-core-6.2.3.jar;C:\Users\sraje\.m2\repository\org\springframework\spring-jcl\6.2.3\spring-jcl-6.2.3.jar;C:\Users\sraje\.m2\repository\org\springframework\boot\spring-boot-starter-security\3.4.3\spring-boot-starter-security-3.4.3.jar;C:\Users\sraje\.m2\repository\org\springframework\spring-aop\6.2.3\spring-aop-6.2.3.jar;C:\Users\sraje\.m2\repository\org\springframework\security\spring-security-config\6.4.3\spring-security-config-6.4.3.jar;C:\Users\sraje\.m2\repository\org\springframework\security\spring-security-core\6.4.3\spring-security-core-6.4.3.jar;C:\Users\sraje\.m2\repository\org\springframework\security\spring-security-crypto\6.4.3\spring-security-crypto-6.4.3.jar;C:\Users\sraje\.m2\repository\org\springframework\security\spring-security-web\6.4.3\spring-security-web-6.4.3.jar;C:\Users\sraje\.m2\repository\io\jsonwebtoken\jjwt-api\0.11.5\jjwt-api-0.11.5.jar;C:\Users\sraje\.m2\repository\io\jsonwebtoken\jjwt-impl\0.11.5\jjwt-impl-0.11.5.jar;C:\Users\sraje\.m2\repository\io\jsonwebtoken\jjwt-jackson\0.11.5\jjwt-jackson-0.11.5.jar;C:\Users\sraje\.m2\repository\com\fasterxml\jackson\core\jackson-databind\2.18.2\jackson-databind-2.18.2.jar;C:\Users\sraje\.m2\repository\com\fasterxml\jackson\core\jackson-annotations\2.18.2\jackson-annotations-2.18.2.jar;C:\Users\sraje\.m2\repository\com\fasterxml\jackson\core\jackson-core\2.18.2\jackson-core-2.18.2.jar
Launcher Type: SUN_STANDARD

[Global flags]
     intx CICompilerCount                          = 4                                         {product} {ergonomic}
     uint ConcGCThreads                            = 2                                         {product} {ergonomic}
     uint G1ConcRefinementThreads                  = 8                                         {product} {ergonomic}
   size_t G1HeapRegionSize                         = 2097152                                   {product} {ergonomic}
   size_t InitialHeapSize                          = 199229440                                 {product} {ergonomic}
   size_t MarkStackSize                            = 4194304                                   {product} {ergonomic}
   size_t MarkStackSizeMax                         = 536870912                                 {product} {ergonomic}
   size_t MaxHeapSize                              = 3160408064                                {product} {ergonomic}
   size_t MaxNewSize                               = 1895825408                                {product} {ergonomic}
   size_t MinHeapDeltaBytes                        = 2097152                                   {product} {ergonomic}
   size_t MinHeapSize                              = 8388608                                   {product} {ergonomic}
    uintx NonNMethodCodeHeapSize                   = 5832704                                {pd product} {ergonomic}
    uintx NonProfiledCodeHeapSize                  = 122945536                              {pd product} {ergonomic}
    uintx ProfiledCodeHeapSize                     = 122880000                              {pd product} {ergonomic}
    uintx ReservedCodeCacheSize                    = 251658240                              {pd product} {ergonomic}
     bool SegmentedCodeCache                       = true                                      {product} {ergonomic}
   size_t SoftMaxHeapSize                          = 3160408064                             {manageable} {ergonomic}
     bool UseCompressedOops                        = true                           {product lp64_product} {ergonomic}
     bool UseG1GC                                  = true                                      {product} {ergonomic}
     bool UseLargePagesIndividualAllocation        = false                                  {pd product} {ergonomic}

Logging:
Log output configuration:
 #0: stdout all=warning uptime,level,tags foldmultilines=false
 #1: stderr all=off uptime,level,tags foldmultilines=false

Environment Variables:
JAVA_HOME=C:\Program Files\Java\jdk-11
PATH=C:\Program Files\Common Files\Oracle\Java\javapath;C:\Program Files (x86)\Common Files\Oracle\Java\java8path;C:\Program Files (x86)\Common Files\Oracle\Java\javapath;C:\WINDOWS\system32;C:\WINDOWS;C:\WINDOWS\System32\Wbem;C:\WINDOWS\System32\WindowsPowerShell\v1.0\;C:\WINDOWS\System32\OpenSSH\;C:\Program Files\dotnet\;C:\Program Files\Git\cmd;C:\Program Files\PostgreSQL\17\bin;C:\Program Files\MySQL\MySQL Shell 8.0\bin\;C:\Users\sraje\AppData\Local\Microsoft\WindowsApps;C:\Users\sraje\AppData\Local\GitHubDesktop\bin;C:\Program Files\JetBrains\IntelliJ IDEA Community Edition 2024.3.2\bin;;
USERNAME=sraje
OS=Windows_NT
PROCESSOR_IDENTIFIER=Intel64 Family 6 Model 126 Stepping 5, GenuineIntel
TMP=C:\Users\sraje\AppData\Local\Temp
TEMP=C:\Users\sraje\AppData\Local\Temp




Periodic native trim disabled

---------------  S Y S T E M  ---------------

OS:
 Windows 11 , 64 bit Build 26100 (10.0.26100.3037)
OS uptime: 2 days 10:32 hours
Hyper-V role detected

CPU: total 8 (initial active 8) (4 cores per cpu, 2 threads per core) family 6 model 126 stepping 5 microcode 0xc6, cx8, cmov, fxsr, ht, mmx, 3dnowpref, sse, sse2, sse3, ssse3, sse4.1, sse4.2, popcnt, lzcnt, tsc, tscinvbit, avx, avx2, aes, erms, clmul, bmi1, bmi2, adx, avx512f, avx512dq, avx512cd, avx512bw, avx512vl, sha, fma, vzeroupper, avx512_vpopcntdq, avx512_vpclmulqdq, avx512_vaes, avx512_vnni, clflush, clflushopt, avx512_vbmi2, avx512_vbmi, hv, rdtscp, rdpid, fsrm, gfni, avx512_bitalg, f16c, avx512_ifma
Processor Information for the first 8 processors :
  Max Mhz: 1190, Current Mhz: 991, Mhz Limit: 987

Memory: 4k page, system-wide physical 12054M (1895M free)
TotalPageFile size 15657M (AvailPageFile size 4M)
current process WorkingSet (physical memory assigned to process): 129M, peak: 129M
current process commit charge ("private bytes"): 324M, peak: 324M

vm_info: OpenJDK 64-Bit Server VM (23.0.2+7-58) for windows-amd64 JRE (23.0.2+7-58), built on 2024-11-29T09:34:55Z with MS VC++ 17.6 (VS2022)

END.
